[      44ms] [LOG] web-bundler live-reload is enabled @ http://localhost:8081/static/bundle/app.js:67
[   33517ms] [LOG] web-bundler live-reload is enabled @ http://localhost:8081/static/bundle/app.js:67
[   36532ms] [LOG] web-bundler live-reload is enabled @ http://localhost:8081/static/bundle/app.js:67
[   36642ms] [LOG] web-bundler live-reload is enabled @ http://localhost:8081/static/bundle/app.js:67
[  106567ms] [LOG] web-bundler live-reload is enabled @ http://localhost:8081/static/bundle/app.js:67
[  106842ms] [LOG] web-bundler live-reload is enabled @ http://localhost:8081/static/bundle/app.js:67
[  107407ms] [LOG] web-bundler live-reload is enabled @ http://localhost:8081/static/bundle/app.js:67
[  107664ms] [LOG] web-bundler live-reload is enabled @ http://localhost:8081/static/bundle/app.js:67
[  107860ms] [LOG] web-bundler live-reload is enabled @ http://localhost:8081/static/bundle/app.js:67
[  108077ms] [LOG] web-bundler live-reload is enabled @ http://localhost:8081/static/bundle/app.js:67
[  109361ms] [LOG] web-bundler live-reload is enabled @ http://localhost:8081/static/bundle/app.js:67
[  130151ms] [LOG] web-bundler live-reload is enabled @ http://localhost:8081/static/bundle/app.js:67
[  130476ms] [LOG] web-bundler live-reload is enabled @ http://localhost:8081/static/bundle/app.js:67
[  130617ms] [LOG] web-bundler live-reload is enabled @ http://localhost:8081/static/bundle/app.js:67
[  170049ms] [LOG] web-bundler live-reload is enabled @ http://localhost:8081/static/bundle/app.js:67
[  176520ms] [LOG] web-bundler live-reload is enabled @ http://localhost:8081/static/bundle/app.js:67
[  176728ms] [LOG] web-bundler live-reload is enabled @ http://localhost:8081/static/bundle/app.js:67
[  188409ms] [LOG] web-bundler live-reload is enabled @ http://localhost:8081/static/bundle/app.js:67
[  200505ms] [LOG] web-bundler live-reload is enabled @ http://localhost:8081/static/bundle/app.js:67
[  208373ms] [LOG] web-bundler live-reload is enabled @ http://localhost:8081/static/bundle/app.js:67
[  212343ms] [LOG] web-bundler live-reload is enabled @ http://localhost:8081/static/bundle/app.js:67
[  216382ms] [LOG] web-bundler live-reload is enabled @ http://localhost:8081/static/bundle/app.js:67
[  230368ms] [LOG] web-bundler live-reload is enabled @ http://localhost:8081/static/bundle/app.js:67
[  246410ms] [LOG] web-bundler live-reload is enabled @ http://localhost:8081/static/bundle/app.js:67
[  262538ms] [LOG] web-bundler live-reload is enabled @ http://localhost:8081/static/bundle/app.js:67
[  278544ms] [LOG] web-bundler live-reload is enabled @ http://localhost:8081/static/bundle/app.js:67
[  576104ms] [LOG] Live-reload: /static/bundle/app.css @ http://localhost:8081/static/bundle/app.js:96
[  576118ms] ReferenceError: g is not defined
    at EventSource.<anonymous> (http://localhost:8081/static/bundle/app.js:106:13)
[  583639ms] [LOG] web-bundler live-reload is enabled @ http://localhost:8081/static/bundle/app.js:67
[  620585ms] [LOG] web-bundler live-reload is enabled @ http://localhost:8081/static/bundle/app.js:67
[  624416ms] [LOG] web-bundler live-reload is enabled @ http://localhost:8081/static/bundle/app.js:67
[  628429ms] [LOG] web-bundler live-reload is enabled @ http://localhost:8081/static/bundle/app.js:67
[  634450ms] [LOG] web-bundler live-reload is enabled @ http://localhost:8081/static/bundle/app.js:67
[  638374ms] [LOG] web-bundler live-reload is enabled @ http://localhost:8081/static/bundle/app.js:67
[  644499ms] [LOG] web-bundler live-reload is enabled @ http://localhost:8081/static/bundle/app.js:67
