[      48ms] [LOG] web-bundler live-reload is enabled @ http://localhost:8081/static/bundle/app.js:54
[   18152ms] [LOG] web-bundler live-reload is enabled @ http://localhost:8081/static/bundle/app.js:54
[   92543ms] [LOG] web-bundler live-reload is enabled @ http://localhost:8081/static/bundle/app.js:54
[  100535ms] [LOG] web-bundler live-reload is enabled @ http://localhost:8081/static/bundle/app.js:54
[  101774ms] [LOG] web-bundler live-reload is enabled @ http://localhost:8081/static/bundle/app.js:54
[  122519ms] [LOG] web-bundler live-reload is enabled @ http://localhost:8081/static/bundle/app.js:53
[  122801ms] [LOG] web-bundler live-reload is enabled @ http://localhost:8081/static/bundle/app.js:53
[  124138ms] ReferenceError: SHOULDER_ANGLE is not defined
    at renderFrame (http://localhost:8081/static/bundle/app.js:22:71)
    at HTMLDocument.<anonymous> (http://localhost:8081/static/bundle/app.js:35:7)
[  124218ms] ReferenceError: SHOULDER_ANGLE is not defined
    at renderFrame (http://localhost:8081/static/bundle/app.js:22:71)
    at HTMLDocument.<anonymous> (http://localhost:8081/static/bundle/app.js:35:7)
[  124300ms] ReferenceError: SHOULDER_ANGLE is not defined
    at renderFrame (http://localhost:8081/static/bundle/app.js:22:71)
    at HTMLDocument.<anonymous> (http://localhost:8081/static/bundle/app.js:35:7)
[  124384ms] ReferenceError: SHOULDER_ANGLE is not defined
    at renderFrame (http://localhost:8081/static/bundle/app.js:22:71)
    at HTMLDocument.<anonymous> (http://localhost:8081/static/bundle/app.js:35:7)
[  124468ms] ReferenceError: SHOULDER_ANGLE is not defined
    at renderFrame (http://localhost:8081/static/bundle/app.js:22:71)
    at HTMLDocument.<anonymous> (http://localhost:8081/static/bundle/app.js:35:7)
[  124552ms] ReferenceError: SHOULDER_ANGLE is not defined
    at renderFrame (http://localhost:8081/static/bundle/app.js:22:71)
    at HTMLDocument.<anonymous> (http://localhost:8081/static/bundle/app.js:35:7)
[  124637ms] ReferenceError: SHOULDER_ANGLE is not defined
    at renderFrame (http://localhost:8081/static/bundle/app.js:22:71)
    at HTMLDocument.<anonymous> (http://localhost:8081/static/bundle/app.js:35:7)
[  124720ms] ReferenceError: SHOULDER_ANGLE is not defined
    at renderFrame (http://localhost:8081/static/bundle/app.js:22:71)
    at HTMLDocument.<anonymous> (http://localhost:8081/static/bundle/app.js:35:7)
[  124808ms] ReferenceError: SHOULDER_ANGLE is not defined
    at renderFrame (http://localhost:8081/static/bundle/app.js:22:71)
    at HTMLDocument.<anonymous> (http://localhost:8081/static/bundle/app.js:35:7)
[  124893ms] ReferenceError: SHOULDER_ANGLE is not defined
    at renderFrame (http://localhost:8081/static/bundle/app.js:22:71)
    at HTMLDocument.<anonymous> (http://localhost:8081/static/bundle/app.js:35:7)
[  128808ms] [LOG] web-bundler live-reload is enabled @ http://localhost:8081/static/bundle/app.js:54
[  130467ms] [LOG] web-bundler live-reload is enabled @ http://localhost:8081/static/bundle/app.js:54
[  166525ms] [LOG] web-bundler live-reload is enabled @ http://localhost:8081/static/bundle/app.js:54
[  166812ms] [LOG] web-bundler live-reload is enabled @ http://localhost:8081/static/bundle/app.js:54
[  167575ms] [LOG] web-bundler live-reload is enabled @ http://localhost:8081/static/bundle/app.js:54
[  172499ms] [LOG] web-bundler live-reload is enabled @ http://localhost:8081/static/bundle/app.js:55
[  173719ms] [LOG] web-bundler live-reload is enabled @ http://localhost:8081/static/bundle/app.js:55
[  179205ms] [LOG] web-bundler live-reload is enabled @ http://localhost:8081/static/bundle/app.js:55
[  200533ms] [LOG] web-bundler live-reload is enabled @ http://localhost:8081/static/bundle/app.js:55
[  202725ms] [LOG] web-bundler live-reload is enabled @ http://localhost:8081/static/bundle/app.js:55
[  280572ms] [LOG] web-bundler live-reload is enabled @ http://localhost:8081/static/bundle/app.js:54
[  286004ms] [LOG] web-bundler live-reload is enabled @ http://localhost:8081/static/bundle/app.js:54
[  292021ms] [LOG] web-bundler live-reload is enabled @ http://localhost:8081/static/bundle/app.js:54
[  322577ms] [LOG] web-bundler live-reload is enabled @ http://localhost:8081/static/bundle/app.js:54
[  325973ms] [LOG] web-bundler live-reload is enabled @ http://localhost:8081/static/bundle/app.js:54
[  392539ms] [LOG] web-bundler live-reload is enabled @ http://localhost:8081/static/bundle/app.js:54
[  397692ms] [LOG] web-bundler live-reload is enabled @ http://localhost:8081/static/bundle/app.js:54
[  401001ms] [LOG] web-bundler live-reload is enabled @ http://localhost:8081/static/bundle/app.js:54
[  432527ms] [LOG] web-bundler live-reload is enabled @ http://localhost:8081/static/bundle/app.js:54
[  438569ms] [LOG] web-bundler live-reload is enabled @ http://localhost:8081/static/bundle/app.js:54
[  476560ms] [LOG] web-bundler live-reload is enabled @ http://localhost:8081/static/bundle/app.js:54
[  476704ms] [LOG] web-bundler live-reload is enabled @ http://localhost:8081/static/bundle/app.js:54
[  478908ms] [LOG] web-bundler live-reload is enabled @ http://localhost:8081/static/bundle/app.js:54
[  482492ms] [LOG] web-bundler live-reload is enabled @ http://localhost:8081/static/bundle/app.js:55
[  490525ms] [LOG] web-bundler live-reload is enabled @ http://localhost:8081/static/bundle/app.js:60
[  492212ms] [LOG] web-bundler live-reload is enabled @ http://localhost:8081/static/bundle/app.js:60
[  508520ms] [LOG] web-bundler live-reload is enabled @ http://localhost:8081/static/bundle/app.js:60
[  526628ms] [LOG] web-bundler live-reload is enabled @ http://localhost:8081/static/bundle/app.js:60
[  528147ms] [LOG] web-bundler live-reload is enabled @ http://localhost:8081/static/bundle/app.js:60
[  528880ms] [LOG] web-bundler live-reload is enabled @ http://localhost:8081/static/bundle/app.js:60
[  529522ms] [LOG] web-bundler live-reload is enabled @ http://localhost:8081/static/bundle/app.js:60
[  534742ms] [LOG] web-bundler live-reload is enabled @ http://localhost:8081/static/bundle/app.js:60
[  589808ms] [LOG] web-bundler live-reload is enabled @ http://localhost:8081/static/bundle/app.js:60
[  606545ms] [LOG] web-bundler live-reload is enabled @ http://localhost:8081/static/bundle/app.js:67
[  658998ms] [LOG] web-bundler live-reload is enabled @ http://localhost:8081/static/bundle/app.js:67
[  687672ms] [LOG] web-bundler live-reload is enabled @ http://localhost:8081/static/bundle/app.js:67
[  830048ms] [LOG] web-bundler live-reload is enabled @ http://localhost:8081/static/bundle/app.js:67
[  834988ms] [LOG] web-bundler live-reload is enabled @ http://localhost:8081/static/bundle/app.js:67
[  835400ms] [LOG] web-bundler live-reload is enabled @ http://localhost:8081/static/bundle/app.js:67
[  836063ms] [LOG] web-bundler live-reload is enabled @ http://localhost:8081/static/bundle/app.js:67
[  836440ms] [LOG] web-bundler live-reload is enabled @ http://localhost:8081/static/bundle/app.js:67
[  836666ms] [LOG] web-bundler live-reload is enabled @ http://localhost:8081/static/bundle/app.js:67
[  836900ms] [LOG] web-bundler live-reload is enabled @ http://localhost:8081/static/bundle/app.js:67
[  846599ms] [LOG] web-bundler live-reload is enabled @ http://localhost:8081/static/bundle/app.js:67
[  846754ms] [LOG] web-bundler live-reload is enabled @ http://localhost:8081/static/bundle/app.js:67
[  847323ms] [LOG] web-bundler live-reload is enabled @ http://localhost:8081/static/bundle/app.js:67
[  854827ms] [LOG] web-bundler live-reload is enabled @ http://localhost:8081/static/bundle/app.js:67
[  854987ms] [LOG] web-bundler live-reload is enabled @ http://localhost:8081/static/bundle/app.js:67
[  860475ms] [LOG] Live-reload: /static/bundle/app.css @ http://localhost:8081/static/bundle/app.js:96
[  860478ms] ReferenceError: g is not defined
    at EventSource.<anonymous> (http://localhost:8081/static/bundle/app.js:106:13)
[  861494ms] [LOG] web-bundler live-reload is enabled @ http://localhost:8081/static/bundle/app.js:67
[  882997ms] [LOG] web-bundler live-reload is enabled @ http://localhost:8081/static/bundle/app.js:67
[  883602ms] [LOG] web-bundler live-reload is enabled @ http://localhost:8081/static/bundle/app.js:67
[  884156ms] [LOG] web-bundler live-reload is enabled @ http://localhost:8081/static/bundle/app.js:67
[  884538ms] [LOG] web-bundler live-reload is enabled @ http://localhost:8081/static/bundle/app.js:67
[  884881ms] [LOG] web-bundler live-reload is enabled @ http://localhost:8081/static/bundle/app.js:67
[  887456ms] [LOG] web-bundler live-reload is enabled @ http://localhost:8081/static/bundle/app.js:67
[  887791ms] [LOG] web-bundler live-reload is enabled @ http://localhost:8081/static/bundle/app.js:67
[  887992ms] [LOG] web-bundler live-reload is enabled @ http://localhost:8081/static/bundle/app.js:67
[  888188ms] [LOG] web-bundler live-reload is enabled @ http://localhost:8081/static/bundle/app.js:67
[  897055ms] [LOG] web-bundler live-reload is enabled @ http://localhost:8081/static/bundle/app.js:67
[  897422ms] [LOG] web-bundler live-reload is enabled @ http://localhost:8081/static/bundle/app.js:67
[  897588ms] [LOG] web-bundler live-reload is enabled @ http://localhost:8081/static/bundle/app.js:67
[  920938ms] [LOG] web-bundler live-reload is enabled @ http://localhost:8081/static/bundle/app.js:67
[  922035ms] [LOG] web-bundler live-reload is enabled @ http://localhost:8081/static/bundle/app.js:67
[  922469ms] [LOG] web-bundler live-reload is enabled @ http://localhost:8081/static/bundle/app.js:67
[  922700ms] [LOG] web-bundler live-reload is enabled @ http://localhost:8081/static/bundle/app.js:67
[  922895ms] [LOG] web-bundler live-reload is enabled @ http://localhost:8081/static/bundle/app.js:67
[  925112ms] [LOG] web-bundler live-reload is enabled @ http://localhost:8081/static/bundle/app.js:67
[  931829ms] [LOG] web-bundler live-reload is enabled @ http://localhost:8081/static/bundle/app.js:67
[  932008ms] [LOG] web-bundler live-reload is enabled @ http://localhost:8081/static/bundle/app.js:67
[  932681ms] [LOG] web-bundler live-reload is enabled @ http://localhost:8081/static/bundle/app.js:67
[  933910ms] [LOG] web-bundler live-reload is enabled @ http://localhost:8081/static/bundle/app.js:67
[  934630ms] [LOG] web-bundler live-reload is enabled @ http://localhost:8081/static/bundle/app.js:67
[  934872ms] [LOG] web-bundler live-reload is enabled @ http://localhost:8081/static/bundle/app.js:67
[  957047ms] [LOG] web-bundler live-reload is enabled @ http://localhost:8081/static/bundle/app.js:67
[  957180ms] [LOG] web-bundler live-reload is enabled @ http://localhost:8081/static/bundle/app.js:67
