[      64ms] [LOG] web-bundler live-reload is enabled @ http://localhost:8081/static/bundle/app.js:67
[   15574ms] [LOG] web-bundler live-reload is enabled @ http://localhost:8081/static/bundle/app.js:67
[   15953ms] [LOG] web-bundler live-reload is enabled @ http://localhost:8081/static/bundle/app.js:67
[   16330ms] [LOG] web-bundler live-reload is enabled @ http://localhost:8081/static/bundle/app.js:67
[   16643ms] [LOG] web-bundler live-reload is enabled @ http://localhost:8081/static/bundle/app.js:67
[   16851ms] [LOG] web-bundler live-reload is enabled @ http://localhost:8081/static/bundle/app.js:67
[   18952ms] [LOG] web-bundler live-reload is enabled @ http://localhost:8081/static/bundle/app.js:67
[   19266ms] [LOG] web-bundler live-reload is enabled @ http://localhost:8081/static/bundle/app.js:67
[   19483ms] [LOG] web-bundler live-reload is enabled @ http://localhost:8081/static/bundle/app.js:67
[   22543ms] [ERROR] Failed to load resource: the server responded with a status of 503 () @ chrome-error://chromewebdata/:0
[   22839ms] [LOG] web-bundler live-reload is enabled @ http://localhost:8081/static/bundle/app.js:67
[   23327ms] [LOG] web-bundler live-reload is enabled @ http://localhost:8081/static/bundle/app.js:67
[   23568ms] [LOG] web-bundler live-reload is enabled @ http://localhost:8081/static/bundle/app.js:67
[   23826ms] [LOG] web-bundler live-reload is enabled @ http://localhost:8081/static/bundle/app.js:67
[   77737ms] [ERROR] Failed to load resource: the server responded with a status of 503 () @ chrome-error://chromewebdata/:0
[   79137ms] [LOG] web-bundler live-reload is enabled @ http://localhost:8081/static/bundle/app.js:67
[  173737ms] [LOG] web-bundler live-reload is enabled @ http://localhost:8081/static/bundle/app.js:67
[  180435ms] [LOG] web-bundler live-reload is enabled @ http://localhost:8081/static/bundle/app.js:67
[  186985ms] [LOG] web-bundler live-reload is enabled @ http://localhost:8081/static/bundle/app.js:67
[  189121ms] [LOG] web-bundler live-reload is enabled @ http://localhost:8081/static/bundle/app.js:67
[  211740ms] [LOG] web-bundler live-reload is enabled @ http://localhost:8081/static/bundle/app.js:67
[  212469ms] [LOG] web-bundler live-reload is enabled @ http://localhost:8081/static/bundle/app.js:67
[  259740ms] [ERROR] Failed to load resource: the server responded with a status of 503 () @ chrome-error://chromewebdata/:0
[  260417ms] [LOG] web-bundler live-reload is enabled @ http://localhost:8081/static/bundle/app.js:67
[  268544ms] [LOG] web-bundler live-reload is enabled @ http://localhost:8081/static/bundle/app.js:67
[  268684ms] [LOG] web-bundler live-reload is enabled @ http://localhost:8081/static/bundle/app.js:67
[  269124ms] [LOG] web-bundler live-reload is enabled @ http://localhost:8081/static/bundle/app.js:67
[  291040ms] [LOG] web-bundler live-reload is enabled @ http://localhost:8081/static/bundle/app.js:67
[  319779ms] [LOG] web-bundler live-reload is enabled @ http://localhost:8081/static/bundle/app.js:67
[  319950ms] [LOG] web-bundler live-reload is enabled @ http://localhost:8081/static/bundle/app.js:67
[  320808ms] [LOG] web-bundler live-reload is enabled @ http://localhost:8081/static/bundle/app.js:67
[  321074ms] [LOG] web-bundler live-reload is enabled @ http://localhost:8081/static/bundle/app.js:67
[  335690ms] [LOG] web-bundler live-reload is enabled @ http://localhost:8081/static/bundle/app.js:67
[  335761ms] [LOG] web-bundler live-reload is enabled @ http://localhost:8081/static/bundle/app.js:67
[  359819ms] [LOG] web-bundler live-reload is enabled @ http://localhost:8081/static/bundle/app.js:67
[  373619ms] [LOG] web-bundler live-reload is enabled @ http://localhost:8081/static/bundle/app.js:67
[  374630ms] [LOG] web-bundler live-reload is enabled @ http://localhost:8081/static/bundle/app.js:67
[  375365ms] [LOG] web-bundler live-reload is enabled @ http://localhost:8081/static/bundle/app.js:67
[  375834ms] [LOG] web-bundler live-reload is enabled @ http://localhost:8081/static/bundle/app.js:67
[  381669ms] [LOG] web-bundler live-reload is enabled @ http://localhost:8081/static/bundle/app.js:67
[  399724ms] [LOG] web-bundler live-reload is enabled @ http://localhost:8081/static/bundle/app.js:67
[  400638ms] [LOG] web-bundler live-reload is enabled @ http://localhost:8081/static/bundle/app.js:67
[  407294ms] [LOG] web-bundler live-reload is enabled @ http://localhost:8081/static/bundle/app.js:67
[  407373ms] [LOG] web-bundler live-reload is enabled @ http://localhost:8081/static/bundle/app.js:67
[  455582ms] [LOG] web-bundler live-reload is enabled @ http://localhost:8081/static/bundle/app.js:67
[  463691ms] [LOG] web-bundler live-reload is enabled @ http://localhost:8081/static/bundle/app.js:67
[  541741ms] [LOG] web-bundler live-reload is enabled @ http://localhost:8081/static/bundle/app.js:67
[  542339ms] [LOG] web-bundler live-reload is enabled @ http://localhost:8081/static/bundle/app.js:67
[  543459ms] [LOG] web-bundler live-reload is enabled @ http://localhost:8081/static/bundle/app.js:67
[  543679ms] [LOG] web-bundler live-reload is enabled @ http://localhost:8081/static/bundle/app.js:67
[  543898ms] [LOG] web-bundler live-reload is enabled @ http://localhost:8081/static/bundle/app.js:67
[  544732ms] [LOG] web-bundler live-reload is enabled @ http://localhost:8081/static/bundle/app.js:67
[  547645ms] [LOG] web-bundler live-reload is enabled @ http://localhost:8081/static/bundle/app.js:67
[  548510ms] [LOG] web-bundler live-reload is enabled @ http://localhost:8081/static/bundle/app.js:67
[  571775ms] [LOG] web-bundler live-reload is enabled @ http://localhost:8081/static/bundle/app.js:67
[  571895ms] [LOG] web-bundler live-reload is enabled @ http://localhost:8081/static/bundle/app.js:67
[  575610ms] [LOG] web-bundler live-reload is enabled @ http://localhost:8081/static/bundle/app.js:67
[  579599ms] [LOG] web-bundler live-reload is enabled @ http://localhost:8081/static/bundle/app.js:67
[  583602ms] [LOG] web-bundler live-reload is enabled @ http://localhost:8081/static/bundle/app.js:67
[  602638ms] [LOG] web-bundler live-reload is enabled @ http://localhost:8081/static/bundle/app.js:67
[  607608ms] [ERROR] Failed to load resource: the server responded with a status of 503 () @ chrome-error://chromewebdata/:0
[  608596ms] [LOG] web-bundler live-reload is enabled @ http://localhost:8081/static/bundle/app.js:67
[  625670ms] [LOG] web-bundler live-reload is enabled @ http://localhost:8081/static/bundle/app.js:67
[  633633ms] [LOG] web-bundler live-reload is enabled @ http://localhost:8081/static/bundle/app.js:67
[  662267ms] [LOG] web-bundler live-reload is enabled @ http://localhost:8081/static/bundle/app.js:67
[  703331ms] [LOG] Live-reload: /static/bundle/app.css @ http://localhost:8081/static/bundle/app.js:96
[  703340ms] ReferenceError: g is not defined
    at EventSource.<anonymous> (http://localhost:8081/static/bundle/app.js:106:13)
[  706912ms] [LOG] web-bundler live-reload is enabled @ http://localhost:8081/static/bundle/app.js:67
[  707559ms] [LOG] web-bundler live-reload is enabled @ http://localhost:8081/static/bundle/app.js:67
[  707835ms] [LOG] web-bundler live-reload is enabled @ http://localhost:8081/static/bundle/app.js:67
[  708037ms] [LOG] web-bundler live-reload is enabled @ http://localhost:8081/static/bundle/app.js:67
[  713044ms] [LOG] web-bundler live-reload is enabled @ http://localhost:8081/static/bundle/app.js:67
[  744493ms] [LOG] web-bundler live-reload is enabled @ http://localhost:8081/static/bundle/app.js:67
[  745185ms] [LOG] web-bundler live-reload is enabled @ http://localhost:8081/static/bundle/app.js:67
[  745597ms] [LOG] web-bundler live-reload is enabled @ http://localhost:8081/static/bundle/app.js:67
[  745909ms] [LOG] web-bundler live-reload is enabled @ http://localhost:8081/static/bundle/app.js:67
[  785297ms] [LOG] Live-reload: /static/bundle/app.css @ http://localhost:8081/static/bundle/app.js:96
[  785305ms] ReferenceError: g is not defined
    at EventSource.<anonymous> (http://localhost:8081/static/bundle/app.js:106:13)
