[      91ms] [LOG] web-bundler live-reload is enabled @ http://localhost:8081/static/bundle/app.js:33
[   90269ms] [LOG] web-bundler live-reload is enabled @ http://localhost:8081/static/bundle/app.js:32
[   95309ms] [LOG] web-bundler live-reload is enabled @ http://localhost:8081/static/bundle/app.js:32
[  116319ms] [LOG] web-bundler live-reload is enabled @ http://localhost:8081/static/bundle/app.js:32
[  121522ms] [LOG] web-bundler live-reload is enabled @ http://localhost:8081/static/bundle/app.js:32
[  339783ms] [ERROR] Failed to load resource: net::ERR_NETWORK_IO_SUSPENDED @ http://localhost:8081/web-bundler/live:0
[  339879ms] [LOG] web-bundler live-reload is enabled @ http://localhost:8081/static/bundle/app.js:32
[  579228ms] [LOG] web-bundler live-reload is enabled @ http://localhost:8081/static/bundle/app.js:39
[  589488ms] [LOG] web-bundler live-reload is enabled @ http://localhost:8081/static/bundle/app.js:39
[  673197ms] [LOG] web-bundler live-reload is enabled @ http://localhost:8081/static/bundle/app.js:81
[  680092ms] [LOG] web-bundler live-reload is enabled @ http://localhost:8081/static/bundle/app.js:81
[  847535ms] [ERROR] Failed to load resource: net::ERR_NETWORK_IO_SUSPENDED @ http://localhost:8081/web-bundler/live:0
[  847675ms] [LOG] web-bundler live-reload is enabled @ http://localhost:8081/static/bundle/app.js:81
[ 1670400ms] [LOG] web-bundler live-reload is enabled @ http://localhost:8081/static/bundle/app.js:34
[ 1690073ms] [LOG] web-bundler live-reload is enabled @ http://localhost:8081/static/bundle/app.js:34
[ 2340470ms] [LOG] web-bundler live-reload is enabled @ http://localhost:8081/static/bundle/app.js:65
[ 2350218ms] [LOG] web-bundler live-reload is enabled @ http://localhost:8081/static/bundle/app.js:65
[ 2596379ms] [LOG] web-bundler live-reload is enabled @ http://localhost:8081/static/bundle/app.js:72
[ 2601621ms] [LOG] web-bundler live-reload is enabled @ http://localhost:8081/static/bundle/app.js:72
[ 2603683ms] [LOG] web-bundler live-reload is enabled @ http://localhost:8081/static/bundle/app.js:72
[ 2623000ms] [LOG] web-bundler live-reload is enabled @ http://localhost:8081/static/bundle/app.js:72
[ 2642363ms] [LOG] Live-reload: /static/bundle/app.css @ http://localhost:8081/static/bundle/app.js:101
[ 2642367ms] ReferenceError: g is not defined
    at EventSource.<anonymous> (http://localhost:8081/static/bundle/app.js:111:13)
[ 2643810ms] [LOG] web-bundler live-reload is enabled @ http://localhost:8081/static/bundle/app.js:72
[ 2910382ms] [LOG] web-bundler live-reload is enabled @ http://localhost:8081/static/bundle/app.js:39
[ 2913421ms] [ERROR] Failed to load resource: net::ERR_NETWORK_IO_SUSPENDED @ http://localhost:8081/web-bundler/live:0
[ 2913547ms] [LOG] web-bundler live-reload is enabled @ http://localhost:8081/static/bundle/app.js:39
[ 2926542ms] [LOG] web-bundler live-reload is enabled @ http://localhost:8081/static/bundle/app.js:39
[ 3000149ms] [LOG] web-bundler live-reload is enabled @ http://localhost:8081/static/bundle/app.js:39
[ 3012372ms] [LOG] web-bundler live-reload is enabled @ http://localhost:8081/static/bundle/app.js:56
[ 3013624ms] [LOG] web-bundler live-reload is enabled @ http://localhost:8081/static/bundle/app.js:56
[ 3152373ms] [LOG] web-bundler live-reload is enabled @ http://localhost:8081/static/bundle/app.js:55
[ 3152682ms] [LOG] web-bundler live-reload is enabled @ http://localhost:8081/static/bundle/app.js:55
[ 3233510ms] [ERROR] Failed to load resource: the server responded with a status of 404 (Not Found) @ http://localhost:8081/links/:0
[ 3233588ms] [ERROR] Failed to load resource: the server responded with a status of 404 (Not Found) @ http://localhost:8081/links:0
[ 3233647ms] [LOG] web-bundler live-reload is enabled @ http://localhost:8081/static/bundle/app.js:55
[ 3238396ms] [LOG] web-bundler live-reload is enabled @ http://localhost:8081/static/bundle/app.js:55
[ 3271730ms] [LOG] web-bundler live-reload is enabled @ http://localhost:8081/static/bundle/app.js:55
[ 3302411ms] [LOG] web-bundler live-reload is enabled @ http://localhost:8081/static/bundle/app.js:55
[ 3314769ms] [LOG] web-bundler live-reload is enabled @ http://localhost:8081/static/bundle/app.js:55
[ 3323797ms] [LOG] web-bundler live-reload is enabled @ http://localhost:8081/static/bundle/app.js:55
[ 3329515ms] [LOG] web-bundler live-reload is enabled @ http://localhost:8081/static/bundle/app.js:55
[ 3334243ms] [LOG] web-bundler live-reload is enabled @ http://localhost:8081/static/bundle/app.js:55
[ 3338213ms] [LOG] web-bundler live-reload is enabled @ http://localhost:8081/static/bundle/app.js:55
[ 3380394ms] [LOG] web-bundler live-reload is enabled @ http://localhost:8081/static/bundle/app.js:55
[ 3382466ms] [LOG] web-bundler live-reload is enabled @ http://localhost:8081/static/bundle/app.js:55
[ 3390387ms] [LOG] web-bundler live-reload is enabled @ http://localhost:8081/static/bundle/app.js:55
[ 3413887ms] [LOG] web-bundler live-reload is enabled @ http://localhost:8081/static/bundle/app.js:55
[ 3414684ms] [LOG] web-bundler live-reload is enabled @ http://localhost:8081/static/bundle/app.js:55
[ 3414877ms] [LOG] web-bundler live-reload is enabled @ http://localhost:8081/static/bundle/app.js:55
[ 3415092ms] [LOG] web-bundler live-reload is enabled @ http://localhost:8081/static/bundle/app.js:55
[ 3422370ms] [LOG] web-bundler live-reload is enabled @ http://localhost:8081/static/bundle/app.js:55
[ 3422432ms] [LOG] web-bundler live-reload is enabled @ http://localhost:8081/static/bundle/app.js:55
[ 3424527ms] [ERROR] Failed to load resource: the server responded with a status of 404 (Not Found) @ http://localhost:8081/links:0
[ 3426040ms] [ERROR] Failed to load resource: the server responded with a status of 404 (Not Found) @ http://localhost:8081/links:0
[ 3427161ms] [ERROR] Failed to load resource: the server responded with a status of 404 (Not Found) @ http://localhost:8081/links:0
[ 3427858ms] [ERROR] Failed to load resource: the server responded with a status of 404 (Not Found) @ http://localhost:8081/links:0
[ 3431211ms] [ERROR] Failed to load resource: the server responded with a status of 404 (Not Found) @ http://localhost:8081/links:0
[ 3432239ms] [ERROR] Failed to load resource: the server responded with a status of 404 (Not Found) @ http://localhost:8081/links:0
[ 3432958ms] [ERROR] Failed to load resource: the server responded with a status of 404 (Not Found) @ http://localhost:8081/links:0
[ 3434542ms] [ERROR] Failed to load resource: the server responded with a status of 404 (Not Found) @ http://localhost:8081/links:0
[ 3434910ms] [ERROR] Failed to load resource: the server responded with a status of 404 (Not Found) @ http://localhost:8081/links:0
[ 3435129ms] [ERROR] Failed to load resource: the server responded with a status of 404 (Not Found) @ http://localhost:8081/links:0
[ 3437114ms] [ERROR] Failed to load resource: the server responded with a status of 404 (Not Found) @ http://localhost:8081/links:0
[ 3438378ms] [LOG] web-bundler live-reload is enabled @ http://localhost:8081/static/bundle/app.js:55
[ 3478393ms] [LOG] web-bundler live-reload is enabled @ http://localhost:8081/static/bundle/app.js:55
[ 3480349ms] [LOG] web-bundler live-reload is enabled @ http://localhost:8081/static/bundle/app.js:55
[ 3481992ms] [LOG] web-bundler live-reload is enabled @ http://localhost:8081/static/bundle/app.js:55
[ 3485741ms] [LOG] web-bundler live-reload is enabled @ http://localhost:8081/static/bundle/app.js:55
[ 3500625ms] [LOG] web-bundler live-reload is enabled @ http://localhost:8081/static/bundle/app.js:55
[ 3516423ms] [LOG] web-bundler live-reload is enabled @ http://localhost:8081/static/bundle/app.js:55
[ 3516953ms] [LOG] web-bundler live-reload is enabled @ http://localhost:8081/static/bundle/app.js:55
[ 3517610ms] [LOG] web-bundler live-reload is enabled @ http://localhost:8081/static/bundle/app.js:55
[ 3517993ms] [LOG] web-bundler live-reload is enabled @ http://localhost:8081/static/bundle/app.js:55
[ 3518209ms] [LOG] web-bundler live-reload is enabled @ http://localhost:8081/static/bundle/app.js:55
[ 3518443ms] [LOG] web-bundler live-reload is enabled @ http://localhost:8081/static/bundle/app.js:55
[ 3518670ms] [LOG] web-bundler live-reload is enabled @ http://localhost:8081/static/bundle/app.js:55
[ 3519100ms] [LOG] web-bundler live-reload is enabled @ http://localhost:8081/static/bundle/app.js:55
[ 3519374ms] [LOG] web-bundler live-reload is enabled @ http://localhost:8081/static/bundle/app.js:55
[ 3521783ms] [LOG] web-bundler live-reload is enabled @ http://localhost:8081/static/bundle/app.js:55
