[      72ms] [LOG] web-bundler live-reload is enabled @ http://localhost:8081/static/bundle/app.js:67
[   26627ms] [LOG] web-bundler live-reload is enabled @ http://localhost:8081/static/bundle/app.js:67
[   88648ms] [LOG] web-bundler live-reload is enabled @ http://localhost:8081/static/bundle/app.js:67
[  108558ms] [LOG] web-bundler live-reload is enabled @ http://localhost:8081/static/bundle/app.js:67
[  116572ms] [LOG] web-bundler live-reload is enabled @ http://localhost:8081/static/bundle/app.js:67
[  123872ms] [LOG] web-bundler live-reload is enabled @ http://localhost:8081/static/bundle/app.js:67
[  224164ms] [LOG] Live-reload: /static/bundle/app.css @ http://localhost:8081/static/bundle/app.js:96
[  224178ms] ReferenceError: g is not defined
    at EventSource.<anonymous> (http://localhost:8081/static/bundle/app.js:106:13)
[  225335ms] [LOG] web-bundler live-reload is enabled @ http://localhost:8081/static/bundle/app.js:67
[  226039ms] [LOG] web-bundler live-reload is enabled @ http://localhost:8081/static/bundle/app.js:67
[  226251ms] [LOG] web-bundler live-reload is enabled @ http://localhost:8081/static/bundle/app.js:67
[  226478ms] [LOG] web-bundler live-reload is enabled @ http://localhost:8081/static/bundle/app.js:67
[  238051ms] [LOG] web-bundler live-reload is enabled @ http://localhost:8081/static/bundle/app.js:67
[  238545ms] [LOG] web-bundler live-reload is enabled @ http://localhost:8081/static/bundle/app.js:80
[  238806ms] [LOG] web-bundler live-reload is enabled @ http://localhost:8081/static/bundle/app.js:80
[  238985ms] [LOG] web-bundler live-reload is enabled @ http://localhost:8081/static/bundle/app.js:80
[  241872ms] [LOG] web-bundler live-reload is enabled @ http://localhost:8081/static/bundle/app.js:80
[  242279ms] [LOG] web-bundler live-reload is enabled @ http://localhost:8081/static/bundle/app.js:80
[  242480ms] [LOG] web-bundler live-reload is enabled @ http://localhost:8081/static/bundle/app.js:80
[  242695ms] [LOG] web-bundler live-reload is enabled @ http://localhost:8081/static/bundle/app.js:80
[  249293ms] [LOG] web-bundler live-reload is enabled @ http://localhost:8081/static/bundle/app.js:80
[  278610ms] [LOG] web-bundler live-reload is enabled @ http://localhost:8081/static/bundle/app.js:80
[  280285ms] [LOG] web-bundler live-reload is enabled @ http://localhost:8081/static/bundle/app.js:80
[  281145ms] [LOG] web-bundler live-reload is enabled @ http://localhost:8081/static/bundle/app.js:80
[  281448ms] [LOG] web-bundler live-reload is enabled @ http://localhost:8081/static/bundle/app.js:80
[  281709ms] [LOG] web-bundler live-reload is enabled @ http://localhost:8081/static/bundle/app.js:80
[  281922ms] [LOG] web-bundler live-reload is enabled @ http://localhost:8081/static/bundle/app.js:80
[  285985ms] [LOG] web-bundler live-reload is enabled @ http://localhost:8081/static/bundle/app.js:80
[  286245ms] [LOG] web-bundler live-reload is enabled @ http://localhost:8081/static/bundle/app.js:80
[  287259ms] [LOG] web-bundler live-reload is enabled @ http://localhost:8081/static/bundle/app.js:80
